$ /n/home03/yektefaie/miniconda3/envs/pgt/bin/python -c import sys; from run.run import run_overfit; sys.argv = ['run_overfit', sys.argv[1]]; run_overfit() /n/holylfs06/LABS/mzitnik_lab/Users/yektefaie/PhylaFlow/analysis/overfit_pure_model_search/trials/baseline-tf32-r2-arw-0_2-90e1b168aad0/config.yaml
[2026-03-09 11:40:17,674] [INFO] [real_accelerator.py:219:get_accelerator] Setting ds_accelerator to cuda (auto detect)
Warning: The cache directory for DeepSpeed Triton autotune, /n/home03/yektefaie/.triton/autotune, appears to be on an NFS system. While this is generally acceptable, if you experience slowdowns or hanging when DeepSpeed exits, it is recommended to set the TRITON_CACHE_DIR environment variable to a non-NFS path.
Traceback (most recent call last):
  File "<string>", line 1, in <module>
  File "/n/holylfs06/LABS/mzitnik_lab/Users/yektefaie/PhylaFlow/run/run.py", line 6, in <module>
    from run.TrainingModule import TrainingModule
  File "/n/holylfs06/LABS/mzitnik_lab/Users/yektefaie/PhylaFlow/run/TrainingModule.py", line 9, in <module>
    from deepspeed.ops.adam import FusedAdam
  File "/n/home03/yektefaie/miniconda3/envs/pgt/lib/python3.11/site-packages/deepspeed/__init__.py", line 25, in <module>
    from . import ops
  File "/n/home03/yektefaie/miniconda3/envs/pgt/lib/python3.11/site-packages/deepspeed/ops/__init__.py", line 15, in <module>
    from ..git_version_info import compatible_ops as __compatible_ops__
  File "/n/home03/yektefaie/miniconda3/envs/pgt/lib/python3.11/site-packages/deepspeed/git_version_info.py", line 29, in <module>
    op_compatible = builder.is_compatible()
                    ^^^^^^^^^^^^^^^^^^^^^^^
  File "/n/home03/yektefaie/miniconda3/envs/pgt/lib/python3.11/site-packages/deepspeed/ops/op_builder/fp_quantizer.py", line 35, in is_compatible
    sys_cuda_major, _ = installed_cuda_version()
                        ^^^^^^^^^^^^^^^^^^^^^^^^
  File "/n/home03/yektefaie/miniconda3/envs/pgt/lib/python3.11/site-packages/deepspeed/ops/op_builder/builder.py", line 53, in installed_cuda_version
    output = subprocess.check_output([cuda_home + "/bin/nvcc", "-V"], universal_newlines=True)
             ^^^^^^^^^^^^^^^^^^^^^^^^^^^^^^^^^^^^^^^^^^^^^^^^^^^^^^^^^^^^^^^^^^^^^^^^^^^^^^^^^
  File "/n/home03/yektefaie/miniconda3/envs/pgt/lib/python3.11/subprocess.py", line 466, in check_output
    return run(*popenargs, stdout=PIPE, timeout=timeout, check=True,
           ^^^^^^^^^^^^^^^^^^^^^^^^^^^^^^^^^^^^^^^^^^^^^^^^^^^^^^^^^
  File "/n/home03/yektefaie/miniconda3/envs/pgt/lib/python3.11/subprocess.py", line 548, in run
    with Popen(*popenargs, **kwargs) as process:
         ^^^^^^^^^^^^^^^^^^^^^^^^^^^
  File "/n/home03/yektefaie/miniconda3/envs/pgt/lib/python3.11/subprocess.py", line 1026, in __init__
    self._execute_child(args, executable, preexec_fn, close_fds,
  File "/n/home03/yektefaie/miniconda3/envs/pgt/lib/python3.11/subprocess.py", line 1955, in _execute_child
    raise child_exception_type(errno_num, err_msg, err_filename)
FileNotFoundError: [Errno 2] No such file or directory: '/usr/local/cuda/bin/nvcc'
